NCCL version 2.30.7+cuda13.3

[2026-10-01 07:49:47] DESKTOP-793UJNE:20326:20326 [0] misc/ibvwrap.cc:185 (wrap_ibv_alloc_pd) NCCL WARN lib wrapper not initialized.
{"event": "cfd_feedback_step", "step": 1, "time": 80.1, "omega": 0.03216300532221794, "delta_omega": 0.03216300532221794, "rear_cd": 1.045278174, "rear_cl": 0.8293943256, "objective": 1.9623312950134277, "mpc_seconds": 3.218885193999995, "step_seconds": 14.348921247000362}
{"event": "cfd_feedback_step", "step": 2, "time": 80.19999999999999, "omega": 0.060945622622966766, "delta_omega": 0.028782617300748825, "rear_cd": 1.021052636, "rear_cl": 0.9622382879, "objective": 1.9533008337020874, "mpc_seconds": 2.178159513000537, "step_seconds": 10.64787096999953}
{"event": "cfd_feedback_step", "step": 3, "time": 80.29999999999998, "omega": 0.05886945500969887, "delta_omega": -0.0020761676132678986, "rear_cd": 0.9920104665, "rear_cl": 1.083660349, "objective": 1.9449931383132935, "mpc_seconds": 2.122573461000684, "step_seconds": 10.641663004999828}
{"event": "cfd_feedback_step", "step": 4, "time": 80.39999999999998, "omega": 0.036091431975364685, "delta_omega": -0.022778023034334183, "rear_cd": 0.9579052137, "rear_cl": 1.195040627, "objective": 1.9314396381378174, "mpc_seconds": 2.2537706869998146, "step_seconds": 10.630803648999972}
{"event": "cfd_feedback_step", "step": 5, "time": 80.49999999999997, "omega": 0.008259337395429611, "delta_omega": -0.027832094579935074, "rear_cd": 0.9221503522, "rear_cl": 1.294218176, "objective": 1.9120498895645142, "mpc_seconds": 2.2186927100001412, "step_seconds": 10.629607065000528}
{"event": "cfd_feedback_step", "step": 6, "time": 80.59999999999997, "omega": -0.021265411749482155, "delta_omega": -0.029524749144911766, "rear_cd": 0.8837778571, "rear_cl": 1.382020059, "objective": 1.8916171789169312, "mpc_seconds": 2.162301953999304, "step_seconds": 10.545851223999307}
{"event": "cfd_feedback_step", "step": 7, "time": 80.69999999999996, "omega": -0.05159344524145126, "delta_omega": -0.03032803349196911, "rear_cd": 0.8449362306, "rear_cl": 1.457078789, "objective": 1.8696098327636719, "mpc_seconds": 2.234665070000119, "step_seconds": 10.575241301999995}
{"event": "cfd_feedback_step", "step": 8, "time": 80.79999999999995, "omega": -0.08237703144550323, "delta_omega": -0.03078358620405197, "rear_cd": 0.8082654555, "rear_cl": 1.51971412, "objective": 1.844010829925537, "mpc_seconds": 2.2293236670002443, "step_seconds": 10.577626740000596}
{"event": "cfd_feedback_step", "step": 9, "time": 80.89999999999995, "omega": -0.1134684681892395, "delta_omega": -0.031091436743736267, "rear_cd": 0.7749843043, "rear_cl": 1.568722449, "objective": 1.8192428350448608, "mpc_seconds": 2.24574056199981, "step_seconds": 10.577593643}
{"event": "cfd_feedback_step", "step": 10, "time": 80.99999999999994, "omega": -0.14474408328533173, "delta_omega": -0.031275615096092224, "rear_cd": 0.7464225259, "rear_cl": 1.603387872, "objective": 1.7928601503372192, "mpc_seconds": 2.2523688179999226, "step_seconds": 10.602145536000535}
{"event": "cfd_feedback_step", "step": 11, "time": 81.09999999999994, "omega": -0.17613108456134796, "delta_omega": -0.031387001276016235, "rear_cd": 0.7239057461, "rear_cl": 1.624517502, "objective": 1.765710711479187, "mpc_seconds": 2.2515514350006924, "step_seconds": 10.650677552000161}
{"event": "cfd_feedback_step", "step": 12, "time": 81.19999999999993, "omega": -0.20765875279903412, "delta_omega": -0.03152766823768616, "rear_cd": 0.7080332006, "rear_cl": 1.630741817, "objective": 1.7386215925216675, "mpc_seconds": 2.2063169670000207, "step_seconds": 10.535616603000562}
{"event": "cfd_feedback_step", "step": 13, "time": 81.29999999999993, "omega": -0.23922927677631378, "delta_omega": -0.03157052397727966, "rear_cd": 0.6983399289, "rear_cl": 1.621789171, "objective": 1.713521122932434, "mpc_seconds": 2.2492890029998307, "step_seconds": 10.537512112000513}
{"event": "cfd_feedback_step", "step": 14, "time": 81.39999999999992, "omega": -0.27085715532302856, "delta_omega": -0.03162787854671478, "rear_cd": 0.6949941805, "rear_cl": 1.599109026, "objective": 1.6873586177825928, "mpc_seconds": 2.1431690839999646, "step_seconds": 10.40792610399967}
{"event": "cfd_feedback_step", "step": 15, "time": 81.49999999999991, "omega": -0.30252718925476074, "delta_omega": -0.03167003393173218, "rear_cd": 0.6976321198, "rear_cl": 1.561993621, "objective": 1.6632969379425049, "mpc_seconds": 2.139521285000228, "step_seconds": 10.46553855899947}
{"event": "cfd_feedback_step", "step": 16, "time": 81.59999999999991, "omega": -0.33421385288238525, "delta_omega": -0.03168666362762451, "rear_cd": 0.7061971034, "rear_cl": 1.512399461, "objective": 1.6413356065750122, "mpc_seconds": 2.232567638000546, "step_seconds": 10.576038801000323}
{"event": "cfd_feedback_step", "step": 17, "time": 81.6999999999999, "omega": -0.36591264605522156, "delta_omega": -0.031698793172836304, "rear_cd": 0.7193578604, "rear_cl": 1.448662785, "objective": 1.6227234601974487, "mpc_seconds": 2.2529105379999237, "step_seconds": 10.513513806000446}
{"event": "cfd_feedback_step", "step": 18, "time": 81.7999999999999, "omega": -0.39758744835853577, "delta_omega": -0.03167480230331421, "rear_cd": 0.7354180426, "rear_cl": 1.372429578, "objective": 1.6065268516540527, "mpc_seconds": 2.156994967999708, "step_seconds": 10.512886925000203}
{"event": "cfd_feedback_step", "step": 19, "time": 81.89999999999989, "omega": -0.4292660057544708, "delta_omega": -0.03167855739593506, "rear_cd": 0.754769127, "rear_cl": 1.284173624, "objective": 1.5925068855285645, "mpc_seconds": 2.2474784369996996, "step_seconds": 10.56935028099997}
{"event": "cfd_feedback_step", "step": 20, "time": 81.99999999999989, "omega": -0.46091610193252563, "delta_omega": -0.03165009617805481, "rear_cd": 0.7768927459, "rear_cl": 1.184054276, "objective": 1.5813993215560913, "mpc_seconds": 2.2503275459994256, "step_seconds": 10.59681867800009}
{"event": "cfd_feedback_step", "step": 21, "time": 82.09999999999988, "omega": -0.49257710576057434, "delta_omega": -0.031661003828048706, "rear_cd": 0.800897533, "rear_cl": 1.073626486, "objective": 1.5730586051940918, "mpc_seconds": 2.2400766880000447, "step_seconds": 10.583156116999817}
{"event": "cfd_feedback_step", "step": 22, "time": 82.19999999999987, "omega": -0.524296760559082, "delta_omega": -0.03171965479850769, "rear_cd": 0.8250131926, "rear_cl": 0.9530141011, "objective": 1.5677505731582642, "mpc_seconds": 2.255779769999208, "step_seconds": 10.694546957999592}
{"event": "cfd_feedback_step", "step": 23, "time": 82.29999999999987, "omega": -0.556122362613678, "delta_omega": -0.03182560205459595, "rear_cd": 0.8491266691, "rear_cl": 0.8240466666, "objective": 1.5644667148590088, "mpc_seconds": 2.1727977390000888, "step_seconds": 10.505362033999518}
{"event": "cfd_feedback_step", "step": 24, "time": 82.39999999999986, "omega": -0.5881038308143616, "delta_omega": -0.031981468200683594, "rear_cd": 0.8733304056, "rear_cl": 0.6871873001, "objective": 1.5636855363845825, "mpc_seconds": 2.246624499999598, "step_seconds": 10.540694585999518}
{"event": "cfd_feedback_step", "step": 25, "time": 82.49999999999986, "omega": -0.6204818487167358, "delta_omega": -0.03237801790237427, "rear_cd": 0.8977141801, "rear_cl": 0.5453087659, "objective": 1.5653246641159058, "mpc_seconds": 2.129929218000143, "step_seconds": 10.402986715000225}
{"event": "cfd_feedback_step", "step": 26, "time": 82.59999999999985, "omega": -0.6529181003570557, "delta_omega": -0.032436251640319824, "rear_cd": 0.9188903209, "rear_cl": 0.3999026053, "objective": 1.569988489151001, "mpc_seconds": 2.131912932999512, "step_seconds": 10.358747172000221}
{"event": "cfd_feedback_step", "step": 27, "time": 82.69999999999985, "omega": -0.6554371118545532, "delta_omega": -0.0025190114974975586, "rear_cd": 0.9384279236, "rear_cl": 0.2510357476, "objective": 1.5759881734848022, "mpc_seconds": 2.146575159999884, "step_seconds": 10.416451013999904}
{"event": "cfd_feedback_step", "step": 28, "time": 82.79999999999984, "omega": -0.6340402960777283, "delta_omega": 0.02139681577682495, "rear_cd": 0.9578248536, "rear_cl": 0.1014100865, "objective": 1.5847313404083252, "mpc_seconds": 2.129630702000213, "step_seconds": 10.437023315999795}
{"event": "cfd_feedback_step", "step": 29, "time": 82.89999999999984, "omega": -0.6064199209213257, "delta_omega": 0.027620375156402588, "rear_cd": 0.9736588196, "rear_cl": -0.04806646858, "objective": 1.5938552618026733, "mpc_seconds": 2.10081381999953, "step_seconds": 10.3755693840003}
{"event": "cfd_feedback_step", "step": 30, "time": 82.99999999999983, "omega": -0.576786458492279, "delta_omega": 0.02963346242904663, "rear_cd": 0.9856228743, "rear_cl": -0.1958225919, "objective": 1.6032743453979492, "mpc_seconds": 2.132037374999527, "step_seconds": 10.38197370800026}
{"event": "cfd_feedback_step", "step": 31, "time": 83.09999999999982, "omega": -0.5462603569030762, "delta_omega": 0.03052610158920288, "rear_cd": 0.9935590071, "rear_cl": -0.3385184906, "objective": 1.6151820421218872, "mpc_seconds": 2.1272737320005035, "step_seconds": 10.39167092200023}
{"event": "cfd_feedback_step", "step": 32, "time": 83.19999999999982, "omega": -0.5152442455291748, "delta_omega": 0.031016111373901367, "rear_cd": 0.9954529373, "rear_cl": -0.474722309, "objective": 1.6282825469970703, "mpc_seconds": 2.133202963000258, "step_seconds": 10.375961603000178}
{"event": "cfd_feedback_step", "step": 33, "time": 83.29999999999981, "omega": -0.4839215576648712, "delta_omega": 0.03132268786430359, "rear_cd": 0.9915334369, "rear_cl": -0.6028228021, "objective": 1.6412547826766968, "mpc_seconds": 2.1443594250004026, "step_seconds": 10.381819111000368}
{"event": "cfd_feedback_step", "step": 34, "time": 83.3999999999998, "omega": -0.45239901542663574, "delta_omega": 0.031522542238235474, "rear_cd": 0.9842856266, "rear_cl": -0.7207120455, "objective": 1.655733585357666, "mpc_seconds": 2.158445584999754, "step_seconds": 10.401319339999645}
{"event": "cfd_feedback_step", "step": 35, "time": 83.4999999999998, "omega": -0.4207349419593811, "delta_omega": 0.03166407346725464, "rear_cd": 0.9704790456, "rear_cl": -0.8290176622, "objective": 1.66977059841156, "mpc_seconds": 2.1586307260004105, "step_seconds": 10.420739862000119}
{"event": "cfd_feedback_step", "step": 36, "time": 83.5999999999998, "omega": -0.38897234201431274, "delta_omega": 0.03176259994506836, "rear_cd": 0.954519324, "rear_cl": -0.9241583315, "objective": 1.6853678226470947, "mpc_seconds": 2.1352048970002215, "step_seconds": 10.368662967999626}
{"event": "cfd_feedback_step", "step": 37, "time": 83.69999999999979, "omega": -0.35713648796081543, "delta_omega": 0.031835854053497314, "rear_cd": 0.9367555073, "rear_cl": -1.007729448, "objective": 1.6986405849456787, "mpc_seconds": 2.1624040619999505, "step_seconds": 10.378096202000052}
{"event": "cfd_feedback_step", "step": 38, "time": 83.79999999999978, "omega": -0.32524996995925903, "delta_omega": 0.031886518001556396, "rear_cd": 0.9184399049, "rear_cl": -1.076312115, "objective": 1.7127996683120728, "mpc_seconds": 2.167224071000419, "step_seconds": 10.400839916000223}
{"event": "cfd_feedback_step", "step": 39, "time": 83.89999999999978, "omega": -0.293323278427124, "delta_omega": 0.03192669153213501, "rear_cd": 0.9010779255, "rear_cl": -1.132489221, "objective": 1.7226965427398682, "mpc_seconds": 2.1724456609999834, "step_seconds": 10.34646419299952}
{"event": "cfd_feedback_step", "step": 40, "time": 83.99999999999977, "omega": -0.2613693177700043, "delta_omega": 0.03195396065711975, "rear_cd": 0.886885748, "rear_cl": -1.173667195, "objective": 1.7331429719924927, "mpc_seconds": 2.2138508819998606, "step_seconds": 10.489143632000378}
{"event": "cfd_feedback_step", "step": 41, "time": 84.09999999999977, "omega": -0.22939670085906982, "delta_omega": 0.03197261691093445, "rear_cd": 0.8778325639, "rear_cl": -1.200213445, "objective": 1.742297887802124, "mpc_seconds": 2.135008139999627, "step_seconds": 10.33865576900007}
{"event": "cfd_feedback_step", "step": 42, "time": 84.19999999999976, "omega": -0.19741225242614746, "delta_omega": 0.03198444843292236, "rear_cd": 0.8730318851, "rear_cl": -1.212860091, "objective": 1.751181721687317, "mpc_seconds": 2.1781536440003038, "step_seconds": 10.353827267999804}
{"event": "cfd_feedback_step", "step": 43, "time": 84.29999999999976, "omega": -0.16542169451713562, "delta_omega": 0.03199055790901184, "rear_cd": 0.8744959481, "rear_cl": -1.209624552, "objective": 1.7605236768722534, "mpc_seconds": 2.2087590359997193, "step_seconds": 10.46026107599937}
{"event": "cfd_feedback_step", "step": 44, "time": 84.39999999999975, "omega": -0.133429154753685, "delta_omega": 0.03199253976345062, "rear_cd": 0.8803338315, "rear_cl": -1.192389074, "objective": 1.771154522895813, "mpc_seconds": 2.1552011359999597, "step_seconds": 10.406999675999941}
{"event": "cfd_feedback_step", "step": 45, "time": 84.49999999999974, "omega": -0.10143838822841644, "delta_omega": 0.031990766525268555, "rear_cd": 0.8915336761, "rear_cl": -1.16084901, "objective": 1.7838526964187622, "mpc_seconds": 2.158516669999699, "step_seconds": 10.389538057999744}
{"event": "cfd_feedback_step", "step": 46, "time": 84.59999999999974, "omega": -0.06945556402206421, "delta_omega": 0.031982824206352234, "rear_cd": 0.9074638139, "rear_cl": -1.115699365, "objective": 1.7969034910202026, "mpc_seconds": 2.147851929999888, "step_seconds": 10.336385718999736}
{"event": "cfd_feedback_step", "step": 47, "time": 84.69999999999973, "omega": -0.03748512268066406, "delta_omega": 0.031970441341400146, "rear_cd": 0.9255785092, "rear_cl": -1.057872463, "objective": 1.812161922454834, "mpc_seconds": 2.21059004000017, "step_seconds": 10.496853800000281}
{"event": "cfd_feedback_step", "step": 48, "time": 84.79999999999973, "omega": -0.005532450973987579, "delta_omega": 0.03195267170667648, "rear_cd": 0.9481167322, "rear_cl": -0.9880369143, "objective": 1.8290272951126099, "mpc_seconds": 2.1148160460006693, "step_seconds": 10.336857815000258}
{"event": "cfd_feedback_step", "step": 49, "time": 84.89999999999972, "omega": 0.026396162807941437, "delta_omega": 0.031928613781929016, "rear_cd": 0.9702237937, "rear_cl": -0.905439336, "objective": 1.8475509881973267, "mpc_seconds": 2.1724550280005133, "step_seconds": 10.405045104000237}
{"event": "cfd_feedback_step", "step": 50, "time": 84.99999999999972, "omega": 0.05829417333006859, "delta_omega": 0.03189801052212715, "rear_cd": 0.9929540138, "rear_cl": -0.8119919949, "objective": 1.8671425580978394, "mpc_seconds": 2.152791483999863, "step_seconds": 10.395697887000097}
{"event": "cfd_feedback_step", "step": 51, "time": 85.09999999999971, "omega": 0.09015317261219025, "delta_omega": 0.03185899928212166, "rear_cd": 1.015506218, "rear_cl": -0.7082787712, "objective": 1.8851252794265747, "mpc_seconds": 2.157241496000097, "step_seconds": 10.340244862999498}
{"event": "cfd_feedback_step", "step": 52, "time": 85.1999999999997, "omega": 0.1219654306769371, "delta_omega": 0.03181225806474686, "rear_cd": 1.036478699, "rear_cl": -0.5949942265, "objective": 1.9020025730133057, "mpc_seconds": 2.1978610059995844, "step_seconds": 10.47203959699982}
{"event": "cfd_feedback_step", "step": 53, "time": 85.2999999999997, "omega": 0.15372541546821594, "delta_omega": 0.03175998479127884, "rear_cd": 1.056017578, "rear_cl": -0.473509832, "objective": 1.9177340269088745, "mpc_seconds": 2.149708052999813, "step_seconds": 10.339468203000251}
{"event": "cfd_feedback_step", "step": 54, "time": 85.3999999999997, "omega": 0.1854335218667984, "delta_omega": 0.03170810639858246, "rear_cd": 1.072875988, "rear_cl": -0.3442306478, "objective": 1.9320862293243408, "mpc_seconds": 2.1879735869997603, "step_seconds": 10.498897274999763}
{"event": "cfd_feedback_step", "step": 55, "time": 85.49999999999969, "omega": 0.2171127200126648, "delta_omega": 0.031679198145866394, "rear_cd": 1.086873971, "rear_cl": -0.2105978931, "objective": 1.9480862617492676, "mpc_seconds": 2.1164433499998268, "step_seconds": 10.270895608000501}
{"event": "cfd_feedback_step", "step": 56, "time": 85.59999999999968, "omega": 0.24882321059703827, "delta_omega": 0.031710490584373474, "rear_cd": 1.097540656, "rear_cl": -0.07239481631, "objective": 1.957917332649231, "mpc_seconds": 2.213131475999944, "step_seconds": 10.392295113000728}
{"event": "cfd_feedback_step", "step": 57, "time": 85.69999999999968, "omega": 0.2806232273578644, "delta_omega": 0.03180001676082611, "rear_cd": 1.105629222, "rear_cl": 0.06845417776, "objective": 1.9680899381637573, "mpc_seconds": 2.2000911659997655, "step_seconds": 10.420591514999614}
{"event": "cfd_feedback_step", "step": 58, "time": 85.79999999999967, "omega": 0.31260764598846436, "delta_omega": 0.031984418630599976, "rear_cd": 1.110471682, "rear_cl": 0.2084335075, "objective": 1.977551817893982, "mpc_seconds": 2.1838188920000903, "step_seconds": 10.417677321000156}
{"event": "cfd_feedback_step", "step": 59, "time": 85.89999999999966, "omega": 0.3450932204723358, "delta_omega": 0.03248557448387146, "rear_cd": 1.109667011, "rear_cl": 0.3480401053, "objective": 1.9856972694396973, "mpc_seconds": 2.1709205460001613, "step_seconds": 10.344869995000408}
{"event": "cfd_feedback_step", "step": 60, "time": 85.99999999999966, "omega": 0.37048378586769104, "delta_omega": 0.025390565395355225, "rear_cd": 1.10565165, "rear_cl": 0.483454687, "objective": 1.988486886024475, "mpc_seconds": 2.207543847999659, "step_seconds": 10.447441563999746}
{"event": "cfd_feedback_step", "step": 61, "time": 86.09999999999965, "omega": 0.36442723870277405, "delta_omega": -0.006056547164916992, "rear_cd": 1.097615975, "rear_cl": 0.6153375466, "objective": 1.9925932884216309, "mpc_seconds": 2.1638426039999104, "step_seconds": 10.396995262999553}
{"event": "cfd_feedback_step", "step": 62, "time": 86.19999999999965, "omega": 0.3410262167453766, "delta_omega": -0.02340102195739746, "rear_cd": 1.08595376, "rear_cl": 0.7426923186, "objective": 1.9920663833618164, "mpc_seconds": 2.161962168000173, "step_seconds": 10.339476494999872}
{"event": "cfd_feedback_step", "step": 63, "time": 86.29999999999964, "omega": 0.3130713999271393, "delta_omega": -0.027954816818237305, "rear_cd": 1.069715338, "rear_cl": 0.8638819077, "objective": 1.9854785203933716, "mpc_seconds": 2.2139442869993218, "step_seconds": 10.382540241999777}
{"event": "cfd_feedback_step", "step": 64, "time": 86.39999999999964, "omega": 0.28349608182907104, "delta_omega": -0.029575318098068237, "rear_cd": 1.049050766, "rear_cl": 0.978198752, "objective": 1.9775644540786743, "mpc_seconds": 2.2194841769996856, "step_seconds": 10.464271547999488}
{"event": "cfd_feedback_step", "step": 65, "time": 86.49999999999963, "omega": 0.25311341881752014, "delta_omega": -0.030382663011550903, "rear_cd": 1.0238754, "rear_cl": 1.084236159, "objective": 1.9640629291534424, "mpc_seconds": 2.17176746900077, "step_seconds": 10.363213587000246}
{"event": "cfd_feedback_step", "step": 66, "time": 86.59999999999962, "omega": 0.2222781479358673, "delta_omega": -0.030835270881652832, "rear_cd": 0.9966236623, "rear_cl": 1.180942335, "objective": 1.9503309726715088, "mpc_seconds": 2.193454517000646, "step_seconds": 10.369303384999512}
{"event": "cfd_feedback_step", "step": 67, "time": 86.69999999999962, "omega": 0.19115504622459412, "delta_omega": -0.031123101711273193, "rear_cd": 0.9661060913, "rear_cl": 1.266739737, "objective": 1.9359071254730225, "mpc_seconds": 2.2262621270001546, "step_seconds": 10.422662138000305}
{"event": "cfd_feedback_step", "step": 68, "time": 86.79999999999961, "omega": 0.1598316729068756, "delta_omega": -0.031323373317718506, "rear_cd": 0.9352685253, "rear_cl": 1.341696549, "objective": 1.9182087182998657, "mpc_seconds": 2.1875967080004557, "step_seconds": 10.39037293399997}
{"event": "cfd_feedback_step", "step": 69, "time": 86.89999999999961, "omega": 0.12836462259292603, "delta_omega": -0.031467050313949585, "rear_cd": 0.9054910388, "rear_cl": 1.403867187, "objective": 1.899779200553894, "mpc_seconds": 2.1967361819997677, "step_seconds": 10.415684393999982}
{"event": "cfd_feedback_step", "step": 70, "time": 86.9999999999996, "omega": 0.0967918410897255, "delta_omega": -0.03157278150320053, "rear_cd": 0.879408828, "rear_cl": 1.452972802, "objective": 1.8798776865005493, "mpc_seconds": 2.1762769469996783, "step_seconds": 10.393997918999958}
{"event": "cfd_feedback_step", "step": 71, "time": 87.0999999999996, "omega": 0.06514166295528412, "delta_omega": -0.031650178134441376, "rear_cd": 0.8573804711, "rear_cl": 1.488232865, "objective": 1.8608875274658203, "mpc_seconds": 2.1786423149997063, "step_seconds": 10.40362537999954}
{"event": "cfd_feedback_step", "step": 72, "time": 87.19999999999959, "omega": 0.033430907875299454, "delta_omega": -0.031710755079984665, "rear_cd": 0.8417279702, "rear_cl": 1.508165667, "objective": 1.839824914932251, "mpc_seconds": 2.1716719119995105, "step_seconds": 10.389200333999725}
{"event": "cfd_feedback_step", "step": 73, "time": 87.29999999999959, "omega": 0.001676991581916809, "delta_omega": -0.031753916293382645, "rear_cd": 0.8333322024, "rear_cl": 1.514524215, "objective": 1.820197582244873, "mpc_seconds": 2.1776877920001425, "step_seconds": 10.356359622000127}
{"event": "cfd_feedback_step", "step": 74, "time": 87.39999999999958, "omega": -0.030109260231256485, "delta_omega": -0.031786251813173294, "rear_cd": 0.8312585025, "rear_cl": 1.505388902, "objective": 1.8009337186813354, "mpc_seconds": 2.1975251370004116, "step_seconds": 10.428951591999976}
{"event": "cfd_feedback_step", "step": 75, "time": 87.49999999999957, "omega": -0.0619170144200325, "delta_omega": -0.031807754188776016, "rear_cd": 0.8367341193, "rear_cl": 1.480145164, "objective": 1.7827144861221313, "mpc_seconds": 2.1697067429995514, "step_seconds": 10.356461028000012}
{"event": "cfd_feedback_step", "step": 76, "time": 87.59999999999957, "omega": -0.0937366932630539, "delta_omega": -0.03181967884302139, "rear_cd": 0.8499488097, "rear_cl": 1.442647594, "objective": 1.7665611505508423, "mpc_seconds": 2.212934655999561, "step_seconds": 10.419029781999598}
{"event": "cfd_feedback_step", "step": 77, "time": 87.69999999999956, "omega": -0.1255592703819275, "delta_omega": -0.031822577118873596, "rear_cd": 0.8661022221, "rear_cl": 1.38949714, "objective": 1.7552117109298706, "mpc_seconds": 2.187755181999819, "step_seconds": 10.387299031999646}
{"event": "cfd_feedback_step", "step": 78, "time": 87.79999999999956, "omega": -0.1573777198791504, "delta_omega": -0.0318184494972229, "rear_cd": 0.8884891816, "rear_cl": 1.323593599, "objective": 1.74299955368042, "mpc_seconds": 2.1986909240004024, "step_seconds": 10.44149359900075}
{"event": "cfd_feedback_step", "step": 79, "time": 87.89999999999955, "omega": -0.1891823709011078, "delta_omega": -0.0318046510219574, "rear_cd": 0.9129627416, "rear_cl": 1.245905087, "objective": 1.735236406326294, "mpc_seconds": 2.1543604070002402, "step_seconds": 10.396962656999676}
{"event": "cfd_feedback_step", "step": 80, "time": 87.99999999999955, "omega": -0.22096768021583557, "delta_omega": -0.03178530931472778, "rear_cd": 0.9400986134, "rear_cl": 1.156830796, "objective": 1.7294222116470337, "mpc_seconds": 2.1534540060001746, "step_seconds": 10.37976486000025}
{"event": "cfd_feedback_step", "step": 81, "time": 88.09999999999954, "omega": -0.25272849202156067, "delta_omega": -0.0317608118057251, "rear_cd": 0.9690049156, "rear_cl": 1.055994834, "objective": 1.725785255432129, "mpc_seconds": 2.1690455469997687, "step_seconds": 10.389958019000005}
{"event": "cfd_feedback_step", "step": 82, "time": 88.19999999999953, "omega": -0.28446364402770996, "delta_omega": -0.03173515200614929, "rear_cd": 0.9989063785, "rear_cl": 0.9464954346, "objective": 1.7249244451522827, "mpc_seconds": 2.1795594039995194, "step_seconds": 10.409193447999314}
{"event": "cfd_feedback_step", "step": 83, "time": 88.29999999999953, "omega": -0.3161756098270416, "delta_omega": -0.031711965799331665, "rear_cd": 1.026406531, "rear_cl": 0.8277765476, "objective": 1.7261126041412354, "mpc_seconds": 2.166700284000399, "step_seconds": 10.447009747000266}
{"event": "cfd_feedback_step", "step": 84, "time": 88.39999999999952, "omega": -0.34788835048675537, "delta_omega": -0.031712740659713745, "rear_cd": 1.052042816, "rear_cl": 0.7015409409, "objective": 1.7277209758758545, "mpc_seconds": 2.1150783020002564, "step_seconds": 10.33690981899963}
{"event": "cfd_feedback_step", "step": 85, "time": 88.49999999999952, "omega": -0.3796500265598297, "delta_omega": -0.03176167607307434, "rear_cd": 1.076126189, "rear_cl": 0.5688701959, "objective": 1.7300679683685303, "mpc_seconds": 2.166034222000235, "step_seconds": 10.393294341}
{"event": "cfd_feedback_step", "step": 86, "time": 88.59999999999951, "omega": -0.41150057315826416, "delta_omega": -0.03185054659843445, "rear_cd": 1.097778138, "rear_cl": 0.4317404663, "objective": 1.7332756519317627, "mpc_seconds": 2.1657232659999863, "step_seconds": 10.405735413000002}
{"event": "cfd_feedback_step", "step": 87, "time": 88.6999999999995, "omega": -0.44351261854171753, "delta_omega": -0.03201204538345337, "rear_cd": 1.116117563, "rear_cl": 0.2907749622, "objective": 1.7364004850387573, "mpc_seconds": 2.16431098799967, "step_seconds": 10.413172748999386}
{"event": "cfd_feedback_step", "step": 88, "time": 88.7999999999995, "omega": -0.47586509585380554, "delta_omega": -0.03235247731208801, "rear_cd": 1.130283644, "rear_cl": 0.1492357429, "objective": 1.7420334815979004, "mpc_seconds": 2.1389677300003314, "step_seconds": 10.366377010000178}
{"event": "cfd_feedback_step", "step": 89, "time": 88.8999999999995, "omega": -0.5088297128677368, "delta_omega": -0.032964617013931274, "rear_cd": 1.141148792, "rear_cl": 0.007710055248, "objective": 1.7463645935058594, "mpc_seconds": 2.1764189989999068, "step_seconds": 10.411206271000083}
{"event": "cfd_feedback_step", "step": 90, "time": 88.99999999999949, "omega": -0.5194750428199768, "delta_omega": -0.01064532995223999, "rear_cd": 1.148030659, "rear_cl": -0.1320447919, "objective": 1.753625750541687, "mpc_seconds": 2.153521307999654, "step_seconds": 10.317786099999466}
{"event": "cfd_feedback_step", "step": 91, "time": 89.09999999999948, "omega": -0.5009241104125977, "delta_omega": 0.01855093240737915, "rear_cd": 1.150266317, "rear_cl": -0.2697359225, "objective": 1.7582266330718994, "mpc_seconds": 2.2316666859996985, "step_seconds": 10.454653710000457}
{"event": "cfd_feedback_step", "step": 92, "time": 89.19999999999948, "omega": -0.4741910398006439, "delta_omega": 0.026733070611953735, "rear_cd": 1.147969506, "rear_cl": -0.4041532492, "objective": 1.762060284614563, "mpc_seconds": 2.1737285980007073, "step_seconds": 10.333410552000714}
{"event": "cfd_feedback_step", "step": 93, "time": 89.29999999999947, "omega": -0.4450167715549469, "delta_omega": 0.02917426824569702, "rear_cd": 1.140902132, "rear_cl": -0.5328892763, "objective": 1.7648042440414429, "mpc_seconds": 2.2268714900001214, "step_seconds": 10.442939116000161}
{"event": "cfd_feedback_step", "step": 94, "time": 89.39999999999947, "omega": -0.41478431224823, "delta_omega": 0.03023245930671692, "rear_cd": 1.128293313, "rear_cl": -0.656373617, "objective": 1.7666376829147339, "mpc_seconds": 2.181218302999696, "step_seconds": 10.386474924999675}
{"event": "cfd_feedback_step", "step": 95, "time": 89.49999999999946, "omega": -0.3840005397796631, "delta_omega": 0.030783772468566895, "rear_cd": 1.108172219, "rear_cl": -0.7718291349, "objective": 1.7703831195831299, "mpc_seconds": 2.1947468850003133, "step_seconds": 10.404072620000079}
{"event": "cfd_feedback_step", "step": 96, "time": 89.59999999999945, "omega": -0.3528631627559662, "delta_omega": 0.0311373770236969, "rear_cd": 1.085267641, "rear_cl": -0.8776385666, "objective": 1.769100308418274, "mpc_seconds": 2.18163905900019, "step_seconds": 10.3997007199996}
{"event": "cfd_feedback_step", "step": 97, "time": 89.69999999999945, "omega": -0.32150667905807495, "delta_omega": 0.031356483697891235, "rear_cd": 1.057022098, "rear_cl": -0.9732770718, "objective": 1.7704163789749146, "mpc_seconds": 2.1821621389999564, "step_seconds": 10.418987868999466}
{"event": "cfd_feedback_step", "step": 98, "time": 89.79999999999944, "omega": -0.2899966537952423, "delta_omega": 0.03151002526283264, "rear_cd": 1.025417861, "rear_cl": -1.059053575, "objective": 1.769499659538269, "mpc_seconds": 2.1577265759997317, "step_seconds": 10.349405932999616}
{"event": "cfd_feedback_step", "step": 99, "time": 89.89999999999944, "omega": -0.2583754062652588, "delta_omega": 0.03162124752998352, "rear_cd": 0.9931608448, "rear_cl": -1.132953135, "objective": 1.7670717239379883, "mpc_seconds": 2.199437542999476, "step_seconds": 10.399714146000406}
{"event": "cfd_feedback_step", "step": 100, "time": 89.99999999999943, "omega": -0.22667494416236877, "delta_omega": 0.031700462102890015, "rear_cd": 0.9618947524, "rear_cl": -1.19445961, "objective": 1.7636594772338867, "mpc_seconds": 2.185996201999842, "step_seconds": 10.414315699000326}
{
  "status": "openfoam_state_feedback",
  "checkpoint_epoch": 30,
  "action_scale": 5.0,
  "case": "mpc_feedback_scaled_v1",
  "steps": 100,
  "start_time": 80.0,
  "end_time": 89.99999999999943,
  "omega_rms": 0.3315495176067069,
  "omega_abs_max": 0.6554371118545532,
  "delta_omega_abs_max": 0.032964617013931274,
  "elapsed_seconds": 1047.882731406,
  "mean_mpc_seconds": 2.1914901481099878,
  "mean_step_seconds": 10.474509597789984
}
	Command being timed: ".venv/bin/torchrun --standalone --nproc_per_node=1 scripts/control_tandem_cfd_feedback.py mpc_feedback_scaled_v1 --steps 100 --output artifacts/tandem_mpc_feedback_scaled_v1"
	User time (seconds): 1972.84
	System time (seconds): 148.67
	Percent of CPU this job got: 199%
	Elapsed (wall clock) time (h:mm:ss or m:ss): 17:41.63
	Average shared text size (kbytes): 0
	Average unshared data size (kbytes): 0
	Average stack size (kbytes): 0
	Average total size (kbytes): 0
	Maximum resident set size (kbytes): 2681732
	Average resident set size (kbytes): 0
	Major (requiring I/O) page faults: 4124
	Minor (reclaiming a frame) page faults: 32840350
	Voluntary context switches: 472443
	Involuntary context switches: 11416
	Swaps: 0
	File system inputs: 11421880
	File system outputs: 128720
	Socket messages sent: 0
	Socket messages received: 0
	Signals delivered: 0
	Page size (bytes): 4096
	Exit status: 0
tandem_cfd_feedback_exit=0
